Archive member included because of file (symbol)

c:/winavr-20100110/bin/../lib/gcc/avr/4.3.3/avr5\libgcc.a(_udivmodqi4.o)
                              virtuabotixRTC.o (__udivmodqi4)
c:/winavr-20100110/bin/../lib/gcc/avr/4.3.3/avr5\libgcc.a(_divmodhi4.o)
                              virtuabotixRTC.o (__divmodhi4)
c:/winavr-20100110/bin/../lib/gcc/avr/4.3.3/avr5\libgcc.a(_udivmodsi4.o)
                              i2c_master.o (__udivmodsi4)
c:/winavr-20100110/bin/../lib/gcc/avr/4.3.3/avr5\libgcc.a(_exit.o)
                              c:/winavr-20100110/bin/../lib/gcc/avr/4.3.3/../../../../avr/lib/avr5/crtm328p.o (exit)
c:/winavr-20100110/bin/../lib/gcc/avr/4.3.3/avr5\libgcc.a(_copy_data.o)
                              main.o (__do_copy_data)
c:/winavr-20100110/bin/../lib/gcc/avr/4.3.3/avr5\libgcc.a(_clear_bss.o)
                              main.o (__do_clear_bss)
c:/winavr-20100110/bin/../lib/gcc/avr/4.3.3/avr5\libgcc.a(_udivmodhi4.o)
                              c:/winavr-20100110/bin/../lib/gcc/avr/4.3.3/avr5\libgcc.a(_divmodhi4.o) (__udivmodhi4)
c:/winavr-20100110/bin/../lib/gcc/avr/4.3.3/../../../../avr/lib/avr5\libc.a(itoa.o)
                              main.o (itoa)
c:/winavr-20100110/bin/../lib/gcc/avr/4.3.3/../../../../avr/lib/avr5\libc.a(strrev.o)
                              c:/winavr-20100110/bin/../lib/gcc/avr/4.3.3/../../../../avr/lib/avr5\libc.a(itoa.o) (strrev)

Discarded input sections

 .data          0x00000000        0x0 c:/winavr-20100110/bin/../lib/gcc/avr/4.3.3/../../../../avr/lib/avr5/crtm328p.o
 .bss           0x00000000        0x0 c:/winavr-20100110/bin/../lib/gcc/avr/4.3.3/../../../../avr/lib/avr5/crtm328p.o
 .text          0x00000000        0x0 i2c_master.o
 .data          0x00000000        0x0 i2c_master.o
 .bss           0x00000000        0x0 i2c_master.o
 .text.i2c_master_init
                0x00000000        0x0 i2c_master.o
 .text.i2c_master_start
                0x00000000        0x0 i2c_master.o
 .text.i2c_master_startWait
                0x00000000        0x0 i2c_master.o
 .text.i2c_master_write
                0x00000000        0x0 i2c_master.o
 .text.i2c_master_readAck
                0x00000000        0x0 i2c_master.o
 .text.i2c_master_readNack
                0x00000000        0x0 i2c_master.o
 .text.i2c_master_stop
                0x00000000        0x0 i2c_master.o
 .text.i2c_master_receive
                0x00000000        0x0 i2c_master.o
 .text.i2c_master_sendByte
                0x00000000        0x0 i2c_master.o
 .text.i2c_master_send
                0x00000000        0x0 i2c_master.o
 .text          0x00000000        0x0 liquid_crystal_i2c.o
 .data          0x00000000        0x0 liquid_crystal_i2c.o
 .bss           0x00000000        0x0 liquid_crystal_i2c.o
 .text.lq_transmitI2C
                0x00000000        0x0 liquid_crystal_i2c.o
 .text.lq_writeDevicePulse
                0x00000000        0x0 liquid_crystal_i2c.o
 .text.lq_writeDevice4Bits
                0x00000000        0x0 liquid_crystal_i2c.o
 .text.lq_writeDeviceByte
                0x00000000        0x0 liquid_crystal_i2c.o
 .text.lq_sendCommand
                0x00000000        0x0 liquid_crystal_i2c.o
 .text.lq_turnOffAutoscroll
                0x00000000        0x0 liquid_crystal_i2c.o
 .text.lq_turnOnAutoscroll
                0x00000000        0x0 liquid_crystal_i2c.o
 .text.lq_rightToLeft
                0x00000000        0x0 liquid_crystal_i2c.o
 .text.lq_leftToRight
                0x00000000        0x0 liquid_crystal_i2c.o
 .text.lq_scrollDisplayRight
                0x00000000        0x0 liquid_crystal_i2c.o
 .text.lq_scrollDisplayLeft
                0x00000000        0x0 liquid_crystal_i2c.o
 .text.lq_turnOffBlink
                0x00000000        0x0 liquid_crystal_i2c.o
 .text.lq_turnOnBlink
                0x00000000        0x0 liquid_crystal_i2c.o
 .text.lq_turnOffCursor
                0x00000000        0x0 liquid_crystal_i2c.o
 .text.lq_turnOnCursor
                0x00000000        0x0 liquid_crystal_i2c.o
 .text.lq_turnOffDisplay
                0x00000000        0x0 liquid_crystal_i2c.o
 .text.lq_turnOnDisplay
                0x00000000        0x0 liquid_crystal_i2c.o
 .text.lq_returnHome
                0x00000000        0x0 liquid_crystal_i2c.o
 .text.lq_setCursor
                0x00000000        0x0 liquid_crystal_i2c.o
 .text.lq_clear
                0x00000000        0x0 liquid_crystal_i2c.o
 .text.lq_createChar
                0x00000000        0x0 liquid_crystal_i2c.o
 .text.lq_print
                0x00000000        0x0 liquid_crystal_i2c.o
 .text.lq_turnOffBacklight
                0x00000000        0x0 liquid_crystal_i2c.o
 .text.lq_turnOnBacklight
                0x00000000        0x0 liquid_crystal_i2c.o
 .text.lq_init  0x00000000        0x0 liquid_crystal_i2c.o
 .text          0x00000000        0x0 main.o
 .bss           0x00000000        0x0 main.o
 .text._Z20i2c_master_startWaithh
                0x00000000        0x0 main.o
 .text._Z18i2c_master_readAckv
                0x00000000        0x0 main.o
 .text._Z19i2c_master_readNackv
                0x00000000        0x0 main.o
 .text._Z18i2c_master_receivehPhj
                0x00000000        0x0 main.o
 .text._Z20lq_turnOffAutoscrollP21LiquidCrystalDevice_t
                0x00000000        0x0 main.o
 .text._Z19lq_turnOnAutoscrollP21LiquidCrystalDevice_t
                0x00000000        0x0 main.o
 .text._Z14lq_rightToLeftP21LiquidCrystalDevice_t
                0x00000000        0x0 main.o
 .text._Z14lq_leftToRightP21LiquidCrystalDevice_t
                0x00000000        0x0 main.o
 .text._Z21lq_scrollDisplayRightP21LiquidCrystalDevice_t
                0x00000000        0x0 main.o
 .text._Z20lq_scrollDisplayLeftP21LiquidCrystalDevice_t
                0x00000000        0x0 main.o
 .text._Z15lq_turnOffBlinkP21LiquidCrystalDevice_t
                0x00000000        0x0 main.o
 .text._Z14lq_turnOnBlinkP21LiquidCrystalDevice_t
                0x00000000        0x0 main.o
 .text._Z16lq_turnOffCursorP21LiquidCrystalDevice_t
                0x00000000        0x0 main.o
 .text._Z15lq_turnOnCursorP21LiquidCrystalDevice_t
                0x00000000        0x0 main.o
 .text._Z17lq_turnOffDisplayP21LiquidCrystalDevice_t
                0x00000000        0x0 main.o
 .text._Z13lq_createCharP21LiquidCrystalDevice_thPh
                0x00000000        0x0 main.o
 .text._Z19lq_turnOffBacklightP21LiquidCrystalDevice_t
                0x00000000        0x0 main.o
 .text._Z15i2c_master_sendhPhj
                0x00000000        0x0 main.o
 .bss.time      0x00000000        0x0 main.o
 .text          0x00000000        0x0 virtuabotixRTC.o
 .data          0x00000000        0x0 virtuabotixRTC.o
 .bss           0x00000000        0x0 virtuabotixRTC.o
 .text._ZN14virtuabotixRTCC2Ehhh
                0x00000000        0x0 virtuabotixRTC.o
 .text._ZN14virtuabotixRTC11DS1302_readEi
                0x00000000        0x0 virtuabotixRTC.o
 .text._ZN14virtuabotixRTC24DS1302_clock_burst_writeEPh
                0x00000000        0x0 virtuabotixRTC.o
 .text._ZN14virtuabotixRTC13setDS1302TimeEhhhhhhi
                0x00000000        0x0 virtuabotixRTC.o
 .text          0x00000000        0x0 c:/winavr-20100110/bin/../lib/gcc/avr/4.3.3/avr5\libgcc.a(_udivmodqi4.o)
 .data          0x00000000        0x0 c:/winavr-20100110/bin/../lib/gcc/avr/4.3.3/avr5\libgcc.a(_udivmodqi4.o)
 .bss           0x00000000        0x0 c:/winavr-20100110/bin/../lib/gcc/avr/4.3.3/avr5\libgcc.a(_udivmodqi4.o)
 .text.libgcc   0x00000000        0x0 c:/winavr-20100110/bin/../lib/gcc/avr/4.3.3/avr5\libgcc.a(_udivmodqi4.o)
 .text          0x00000000        0x0 c:/winavr-20100110/bin/../lib/gcc/avr/4.3.3/avr5\libgcc.a(_divmodhi4.o)
 .data          0x00000000        0x0 c:/winavr-20100110/bin/../lib/gcc/avr/4.3.3/avr5\libgcc.a(_divmodhi4.o)
 .bss           0x00000000        0x0 c:/winavr-20100110/bin/../lib/gcc/avr/4.3.3/avr5\libgcc.a(_divmodhi4.o)
 .text.libgcc   0x00000000        0x0 c:/winavr-20100110/bin/../lib/gcc/avr/4.3.3/avr5\libgcc.a(_divmodhi4.o)
 .text          0x00000000        0x0 c:/winavr-20100110/bin/../lib/gcc/avr/4.3.3/avr5\libgcc.a(_udivmodsi4.o)
 .data          0x00000000        0x0 c:/winavr-20100110/bin/../lib/gcc/avr/4.3.3/avr5\libgcc.a(_udivmodsi4.o)
 .bss           0x00000000        0x0 c:/winavr-20100110/bin/../lib/gcc/avr/4.3.3/avr5\libgcc.a(_udivmodsi4.o)
 .text          0x00000000        0x0 c:/winavr-20100110/bin/../lib/gcc/avr/4.3.3/avr5\libgcc.a(_exit.o)
 .data          0x00000000        0x0 c:/winavr-20100110/bin/../lib/gcc/avr/4.3.3/avr5\libgcc.a(_exit.o)
 .bss           0x00000000        0x0 c:/winavr-20100110/bin/../lib/gcc/avr/4.3.3/avr5\libgcc.a(_exit.o)
 .text.libgcc   0x00000000        0x0 c:/winavr-20100110/bin/../lib/gcc/avr/4.3.3/avr5\libgcc.a(_exit.o)
 .text          0x00000000        0x0 c:/winavr-20100110/bin/../lib/gcc/avr/4.3.3/avr5\libgcc.a(_copy_data.o)
 .data          0x00000000        0x0 c:/winavr-20100110/bin/../lib/gcc/avr/4.3.3/avr5\libgcc.a(_copy_data.o)
 .bss           0x00000000        0x0 c:/winavr-20100110/bin/../lib/gcc/avr/4.3.3/avr5\libgcc.a(_copy_data.o)
 .text.libgcc   0x00000000        0x0 c:/winavr-20100110/bin/../lib/gcc/avr/4.3.3/avr5\libgcc.a(_copy_data.o)
 .text          0x00000000        0x0 c:/winavr-20100110/bin/../lib/gcc/avr/4.3.3/avr5\libgcc.a(_clear_bss.o)
 .data          0x00000000        0x0 c:/winavr-20100110/bin/../lib/gcc/avr/4.3.3/avr5\libgcc.a(_clear_bss.o)
 .bss           0x00000000        0x0 c:/winavr-20100110/bin/../lib/gcc/avr/4.3.3/avr5\libgcc.a(_clear_bss.o)
 .text.libgcc   0x00000000        0x0 c:/winavr-20100110/bin/../lib/gcc/avr/4.3.3/avr5\libgcc.a(_clear_bss.o)
 .text          0x00000000        0x0 c:/winavr-20100110/bin/../lib/gcc/avr/4.3.3/avr5\libgcc.a(_udivmodhi4.o)
 .data          0x00000000        0x0 c:/winavr-20100110/bin/../lib/gcc/avr/4.3.3/avr5\libgcc.a(_udivmodhi4.o)
 .bss           0x00000000        0x0 c:/winavr-20100110/bin/../lib/gcc/avr/4.3.3/avr5\libgcc.a(_udivmodhi4.o)
 .text          0x00000000        0x0 c:/winavr-20100110/bin/../lib/gcc/avr/4.3.3/../../../../avr/lib/avr5\libc.a(itoa.o)
 .data          0x00000000        0x0 c:/winavr-20100110/bin/../lib/gcc/avr/4.3.3/../../../../avr/lib/avr5\libc.a(itoa.o)
 .bss           0x00000000        0x0 c:/winavr-20100110/bin/../lib/gcc/avr/4.3.3/../../../../avr/lib/avr5\libc.a(itoa.o)
 .text          0x00000000        0x0 c:/winavr-20100110/bin/../lib/gcc/avr/4.3.3/../../../../avr/lib/avr5\libc.a(strrev.o)
 .data          0x00000000        0x0 c:/winavr-20100110/bin/../lib/gcc/avr/4.3.3/../../../../avr/lib/avr5\libc.a(strrev.o)
 .bss           0x00000000        0x0 c:/winavr-20100110/bin/../lib/gcc/avr/4.3.3/../../../../avr/lib/avr5\libc.a(strrev.o)

Memory Configuration

Name             Origin             Length             Attributes
text             0x00000000         0x00020000         xr
data             0x00800060         0x0000ffa0         rw !x
eeprom           0x00810000         0x00010000         rw !x
fuse             0x00820000         0x00000400         rw !x
lock             0x00830000         0x00000400         rw !x
signature        0x00840000         0x00000400         rw !x
*default*        0x00000000         0xffffffff

Linker script and memory map

Address of section .data set to 0x800100
LOAD c:/winavr-20100110/bin/../lib/gcc/avr/4.3.3/../../../../avr/lib/avr5/crtm328p.o
LOAD i2c_master.o
LOAD liquid_crystal_i2c.o
LOAD main.o
LOAD virtuabotixRTC.o
START GROUP
LOAD c:/winavr-20100110/bin/../lib/gcc/avr/4.3.3/../../../../avr/lib/avr5\libm.a
END GROUP
LOAD c:/winavr-20100110/bin/../lib/gcc/avr/4.3.3/avr5\libgcc.a
LOAD c:/winavr-20100110/bin/../lib/gcc/avr/4.3.3/../../../../avr/lib/avr5\libm.a
LOAD c:/winavr-20100110/bin/../lib/gcc/avr/4.3.3/avr5\libgcc.a
LOAD c:/winavr-20100110/bin/../lib/gcc/avr/4.3.3/../../../../avr/lib/avr5\libc.a
LOAD c:/winavr-20100110/bin/../lib/gcc/avr/4.3.3/avr5\libgcc.a

.hash
 *(.hash)

.dynsym
 *(.dynsym)

.dynstr
 *(.dynstr)

.gnu.version
 *(.gnu.version)

.gnu.version_d
 *(.gnu.version_d)

.gnu.version_r
 *(.gnu.version_r)

.rel.init
 *(.rel.init)

.rela.init
 *(.rela.init)

.rel.text
 *(.rel.text)
 *(.rel.text.*)
 *(.rel.gnu.linkonce.t*)

.rela.text
 *(.rela.text)
 *(.rela.text.*)
 *(.rela.gnu.linkonce.t*)

.rel.fini
 *(.rel.fini)

.rela.fini
 *(.rela.fini)

.rel.rodata
 *(.rel.rodata)
 *(.rel.rodata.*)
 *(.rel.gnu.linkonce.r*)

.rela.rodata
 *(.rela.rodata)
 *(.rela.rodata.*)
 *(.rela.gnu.linkonce.r*)

.rel.data
 *(.rel.data)
 *(.rel.data.*)
 *(.rel.gnu.linkonce.d*)

.rela.data
 *(.rela.data)
 *(.rela.data.*)
 *(.rela.gnu.linkonce.d*)

.rel.ctors
 *(.rel.ctors)

.rela.ctors
 *(.rela.ctors)

.rel.dtors
 *(.rel.dtors)

.rela.dtors
 *(.rela.dtors)

.rel.got
 *(.rel.got)

.rela.got
 *(.rela.got)

.rel.bss
 *(.rel.bss)

.rela.bss
 *(.rela.bss)

.rel.plt
 *(.rel.plt)

.rela.plt
 *(.rela.plt)

.text           0x00000000      0xae0
 *(.vectors)
 .vectors       0x00000000       0x68 c:/winavr-20100110/bin/../lib/gcc/avr/4.3.3/../../../../avr/lib/avr5/crtm328p.o
                0x00000000                __vectors
                0x00000000                __vector_default
 *(.vectors)
 *(.progmem.gcc*)
 *(.progmem*)
                0x00000068                . = ALIGN (0x2)
                0x00000068                __trampolines_start = .
 *(.trampolines)
 .trampolines   0x00000068        0x0 linker stubs
 *(.trampolines*)
                0x00000068                __trampolines_end = .
 *(.jumptables)
 *(.jumptables*)
 *(.lowtext)
 *(.lowtext*)
                0x00000068                __ctors_start = .
 *(.ctors)
                0x00000068                __ctors_end = .
                0x00000068                __dtors_start = .
 *(.dtors)
                0x00000068                __dtors_end = .
 SORT(*)(.ctors)
 SORT(*)(.dtors)
 *(.init0)
 .init0         0x00000068        0x0 c:/winavr-20100110/bin/../lib/gcc/avr/4.3.3/../../../../avr/lib/avr5/crtm328p.o
                0x00000068                __init
 *(.init0)
 *(.init1)
 *(.init1)
 *(.init2)
 .init2         0x00000068        0xc c:/winavr-20100110/bin/../lib/gcc/avr/4.3.3/../../../../avr/lib/avr5/crtm328p.o
 *(.init2)
 *(.init3)
 *(.init3)
 *(.init4)
 .init4         0x00000074       0x16 c:/winavr-20100110/bin/../lib/gcc/avr/4.3.3/avr5\libgcc.a(_copy_data.o)
                0x00000074                __do_copy_data
 .init4         0x0000008a       0x10 c:/winavr-20100110/bin/../lib/gcc/avr/4.3.3/avr5\libgcc.a(_clear_bss.o)
                0x0000008a                __do_clear_bss
 *(.init4)
 *(.init5)
 *(.init5)
 *(.init6)
 *(.init6)
 *(.init7)
 *(.init7)
 *(.init8)
 *(.init8)
 *(.init9)
 .init9         0x0000009a        0x8 c:/winavr-20100110/bin/../lib/gcc/avr/4.3.3/../../../../avr/lib/avr5/crtm328p.o
 *(.init9)
 *(.text)
 .text          0x000000a2        0x4 c:/winavr-20100110/bin/../lib/gcc/avr/4.3.3/../../../../avr/lib/avr5/crtm328p.o
                0x000000a2                __vector_22
                0x000000a2                __vector_1
                0x000000a2                __vector_24
                0x000000a2                __vector_12
                0x000000a2                __bad_interrupt
                0x000000a2                __vector_6
                0x000000a2                __vector_3
                0x000000a2                __vector_23
                0x000000a2                __vector_25
                0x000000a2                __vector_11
                0x000000a2                __vector_13
                0x000000a2                __vector_17
                0x000000a2                __vector_19
                0x000000a2                __vector_7
                0x000000a2                __vector_5
                0x000000a2                __vector_4
                0x000000a2                __vector_9
                0x000000a2                __vector_2
                0x000000a2                __vector_21
                0x000000a2                __vector_15
                0x000000a2                __vector_8
                0x000000a2                __vector_14
                0x000000a2                __vector_10
                0x000000a2                __vector_16
                0x000000a2                __vector_18
                0x000000a2                __vector_20
                0x000000a6                . = ALIGN (0x2)
 *(.text.*)
 .text._Z15i2c_master_initm
                0x000000a6       0x2a main.o
                0x000000a6                i2c_master_init(unsigned long)
 .text._Z16i2c_master_starthh
                0x000000d0       0x54 main.o
                0x000000d0                i2c_master_start(unsigned char, unsigned char)
 .text._Z16i2c_master_writeh
                0x00000124       0x26 main.o
                0x00000124                i2c_master_write(unsigned char)
 .text._Z15i2c_master_stopv
                0x0000014a        0x8 main.o
                0x0000014a                i2c_master_stop()
 .text._Z19i2c_master_sendBytehh
                0x00000152       0x2a main.o
                0x00000152                i2c_master_sendByte(unsigned char, unsigned char)
 .text._Z14lq_transmitI2CP21LiquidCrystalDevice_th
                0x0000017c        0xe main.o
                0x0000017c                lq_transmitI2C(LiquidCrystalDevice_t*, unsigned char)
 .text._Z19lq_writeDevicePulseP21LiquidCrystalDevice_th
                0x0000018a       0x30 main.o
                0x0000018a                lq_writeDevicePulse(LiquidCrystalDevice_t*, unsigned char)
 .text._Z19lq_writeDevice4BitsP21LiquidCrystalDevice_th
                0x000001ba       0x1e main.o
                0x000001ba                lq_writeDevice4Bits(LiquidCrystalDevice_t*, unsigned char)
 .text._Z18lq_writeDeviceByteP21LiquidCrystalDevice_thh
                0x000001d8       0x34 main.o
                0x000001d8                lq_writeDeviceByte(LiquidCrystalDevice_t*, unsigned char, unsigned char)
 .text._Z14lq_sendCommandP21LiquidCrystalDevice_th
                0x0000020c        0x8 main.o
                0x0000020c                lq_sendCommand(LiquidCrystalDevice_t*, unsigned char)
 .text._Z16lq_turnOnDisplayP21LiquidCrystalDevice_t
                0x00000214       0x14 main.o
                0x00000214                lq_turnOnDisplay(LiquidCrystalDevice_t*)
 .text._Z13lq_returnHomeP21LiquidCrystalDevice_t
                0x00000228       0x10 main.o
                0x00000228                lq_returnHome(LiquidCrystalDevice_t*)
 .text._Z12lq_setCursorP21LiquidCrystalDevice_thh
                0x00000238       0x3a main.o
                0x00000238                lq_setCursor(LiquidCrystalDevice_t*, unsigned char, unsigned char)
 .text._Z8lq_clearP21LiquidCrystalDevice_t
                0x00000272       0x24 main.o
                0x00000272                lq_clear(LiquidCrystalDevice_t*)
 .text._Z8lq_printP21LiquidCrystalDevice_tPc
                0x00000296       0x2c main.o
                0x00000296                lq_print(LiquidCrystalDevice_t*, char*)
 .text._Z18lq_turnOnBacklightP21LiquidCrystalDevice_t
                0x000002c2       0x10 main.o
                0x000002c2                lq_turnOnBacklight(LiquidCrystalDevice_t*)
 .text._Z7lq_inithhhh
                0x000002d2      0x110 main.o
                0x000002d2                lq_init(unsigned char, unsigned char, unsigned char, unsigned char)
 .text.main     0x000003e2      0x1ee main.o
                0x000003e2                main
 .text._ZN14virtuabotixRTC13_DS1302_startEv
                0x000005d0       0x70 virtuabotixRTC.o
                0x000005d0                virtuabotixRTC::_DS1302_start()
 .text._ZN14virtuabotixRTC12_DS1302_stopEv
                0x00000640       0x2a virtuabotixRTC.o
                0x00000640                virtuabotixRTC::_DS1302_stop()
 .text._ZN14virtuabotixRTC18_DS1302_togglereadEv
                0x0000066a       0xd0 virtuabotixRTC.o
                0x0000066a                virtuabotixRTC::_DS1302_toggleread()
 .text._ZN14virtuabotixRTC19_DS1302_togglewriteEhh
                0x0000073a       0xd4 virtuabotixRTC.o
                0x0000073a                virtuabotixRTC::_DS1302_togglewrite(unsigned char, unsigned char)
 .text._ZN14virtuabotixRTC12DS1302_writeEih
                0x0000080e       0x42 virtuabotixRTC.o
                0x0000080e                virtuabotixRTC::DS1302_write(int, unsigned char)
 .text._ZN14virtuabotixRTCC1Ehhh
                0x00000850       0x2a virtuabotixRTC.o
                0x00000850                virtuabotixRTC::virtuabotixRTC(unsigned char, unsigned char, unsigned char)
 .text._ZN14virtuabotixRTC23DS1302_clock_burst_readEPh
                0x0000087a       0x4a virtuabotixRTC.o
                0x0000087a                virtuabotixRTC::DS1302_clock_burst_read(unsigned char*)
 .text._ZN14virtuabotixRTC10updateTimeEv
                0x000008c4      0x14a virtuabotixRTC.o
                0x000008c4                virtuabotixRTC::updateTime()
 .text.libgcc   0x00000a0e       0x44 c:/winavr-20100110/bin/../lib/gcc/avr/4.3.3/avr5\libgcc.a(_udivmodsi4.o)
                0x00000a0e                __udivmodsi4
 .text.libgcc   0x00000a52       0x28 c:/winavr-20100110/bin/../lib/gcc/avr/4.3.3/avr5\libgcc.a(_udivmodhi4.o)
                0x00000a52                __udivmodhi4
 .text.avr-libc
                0x00000a7a       0x42 c:/winavr-20100110/bin/../lib/gcc/avr/4.3.3/../../../../avr/lib/avr5\libc.a(itoa.o)
                0x00000a7a                itoa
 .text.avr-libc
                0x00000abc       0x20 c:/winavr-20100110/bin/../lib/gcc/avr/4.3.3/../../../../avr/lib/avr5\libc.a(strrev.o)
                0x00000abc                strrev
                0x00000adc                . = ALIGN (0x2)
 *(.fini9)
 .fini9         0x00000adc        0x0 c:/winavr-20100110/bin/../lib/gcc/avr/4.3.3/avr5\libgcc.a(_exit.o)
                0x00000adc                exit
                0x00000adc                _exit
 *(.fini9)
 *(.fini8)
 *(.fini8)
 *(.fini7)
 *(.fini7)
 *(.fini6)
 *(.fini6)
 *(.fini5)
 *(.fini5)
 *(.fini4)
 *(.fini4)
 *(.fini3)
 *(.fini3)
 *(.fini2)
 *(.fini2)
 *(.fini1)
 *(.fini1)
 *(.fini0)
 .fini0         0x00000adc        0x4 c:/winavr-20100110/bin/../lib/gcc/avr/4.3.3/avr5\libgcc.a(_exit.o)
 *(.fini0)
                0x00000ae0                _etext = .

.data           0x00800100       0x2a load address 0x00000ae0
                0x00800100                PROVIDE (__data_start, .)
 *(.data)
 .data          0x00800100       0x2a main.o
 *(.data*)
 *(.rodata)
 *(.rodata*)
 *(.gnu.linkonce.d*)
                0x0080012a                . = ALIGN (0x2)
                0x0080012a                _edata = .
                0x0080012a                PROVIDE (__data_end, .)

.bss            0x0080012a        0x9
                0x0080012a                PROVIDE (__bss_start, .)
 *(.bss)
 *(.bss*)
 .bss.state     0x0080012a        0x1 main.o
                0x0080012a                state
 .bss.rtc       0x0080012b        0x8 virtuabotixRTC.o
                0x0080012b                rtc
 *(COMMON)
                0x00800133                PROVIDE (__bss_end, .)
                0x00000ae0                __data_load_start = LOADADDR (.data)
                0x00000b0a                __data_load_end = (__data_load_start + SIZEOF (.data))

.noinit         0x00800133        0x0
                0x00800133                PROVIDE (__noinit_start, .)
 *(.noinit*)
                0x00800133                PROVIDE (__noinit_end, .)
                0x00800133                _end = .
                0x00800133                PROVIDE (__heap_start, .)

.eeprom         0x00810000        0x0
 *(.eeprom*)
                0x00810000                __eeprom_end = .

.fuse
 *(.fuse)
 *(.lfuse)
 *(.hfuse)
 *(.efuse)

.lock
 *(.lock*)

.signature
 *(.signature*)

.stab
 *(.stab)

.stabstr
 *(.stabstr)

.stab.excl
 *(.stab.excl)

.stab.exclstr
 *(.stab.exclstr)

.stab.index
 *(.stab.index)

.stab.indexstr
 *(.stab.indexstr)

.comment
 *(.comment)

.debug
 *(.debug)

.line
 *(.line)

.debug_srcinfo
 *(.debug_srcinfo)

.debug_sfnames
 *(.debug_sfnames)

.debug_aranges  0x00000000      0x2f8
 *(.debug_aranges)
 .debug_aranges
                0x00000000       0x68 i2c_master.o
 .debug_aranges
                0x00000068       0xe0 liquid_crystal_i2c.o
 .debug_aranges
                0x00000148      0x138 main.o
 .debug_aranges
                0x00000280       0x78 virtuabotixRTC.o

.debug_pubnames
                0x00000000      0x7d1
 *(.debug_pubnames)
 .debug_pubnames
                0x00000000       0xef i2c_master.o
 .debug_pubnames
                0x000000ef      0x20e liquid_crystal_i2c.o
 .debug_pubnames
                0x000002fd      0x307 main.o
 .debug_pubnames
                0x00000604      0x1cd virtuabotixRTC.o

.debug_info     0x00000000     0x24f6
 *(.debug_info)
 .debug_info    0x00000000      0x2d7 i2c_master.o
 .debug_info    0x000002d7      0x982 liquid_crystal_i2c.o
 .debug_info    0x00000c59      0xef3 main.o
 .debug_info    0x00001b4c      0x9aa virtuabotixRTC.o
 *(.gnu.linkonce.wi.*)

.debug_abbrev   0x00000000      0x7df
 *(.debug_abbrev)
 .debug_abbrev  0x00000000      0x107 i2c_master.o
 .debug_abbrev  0x00000107      0x180 liquid_crystal_i2c.o
 .debug_abbrev  0x00000287      0x2a0 main.o
 .debug_abbrev  0x00000527      0x2b8 virtuabotixRTC.o

.debug_line     0x00000000     0x1a03
 *(.debug_line)
 .debug_line    0x00000000      0x372 i2c_master.o
 .debug_line    0x00000372      0x65d liquid_crystal_i2c.o
 .debug_line    0x000009cf      0xaff main.o
 .debug_line    0x000014ce      0x535 virtuabotixRTC.o

.debug_frame    0x00000000      0x570
 *(.debug_frame)
 .debug_frame   0x00000000       0xb0 i2c_master.o
 .debug_frame   0x000000b0      0x1a0 liquid_crystal_i2c.o
 .debug_frame   0x00000250      0x250 main.o
 .debug_frame   0x000004a0       0xd0 virtuabotixRTC.o

.debug_str      0x00000000      0xdeb
 *(.debug_str)
 .debug_str     0x00000000      0x1d6 i2c_master.o
                                0x20a (size before relaxing)
 .debug_str     0x000001d6      0x2a9 liquid_crystal_i2c.o
                                0x3ef (size before relaxing)
 .debug_str     0x0000047f      0x858 main.o
                                0xd09 (size before relaxing)
 .debug_str     0x00000cd7      0x114 virtuabotixRTC.o
                                0x522 (size before relaxing)

.debug_loc      0x00000000     0x1615
 *(.debug_loc)
 .debug_loc     0x00000000      0x2c4 i2c_master.o
 .debug_loc     0x000002c4      0x584 liquid_crystal_i2c.o
 .debug_loc     0x00000848      0x8db main.o
 .debug_loc     0x00001123      0x4f2 virtuabotixRTC.o

.debug_macinfo
 *(.debug_macinfo)
OUTPUT(Assignment Ver_2.elf elf32-avr)
LOAD linker stubs

.debug_ranges   0x00000000      0x368
 .debug_ranges  0x00000000       0x60 i2c_master.o
 .debug_ranges  0x00000060       0xd8 liquid_crystal_i2c.o
 .debug_ranges  0x00000138      0x160 main.o
 .debug_ranges  0x00000298       0xd0 virtuabotixRTC.o
